------------------------------------------------------------
Timing Analyzer Summary
------------------------------------------------------------

Type  : Slow 1100mV 85C Model Setup 'clk'
Slack : 0.038
TNS   : 0.000

Type  : Slow 1100mV 85C Model Hold 'clk'
Slack : 0.514
TNS   : 0.000

Type  : Slow 1100mV 85C Model Recovery 'clk'
Slack : 5.756
TNS   : 0.000

Type  : Slow 1100mV 85C Model Removal 'clk'
Slack : 0.702
TNS   : 0.000

Type  : Slow 1100mV 85C Model Minimum Pulse Width 'clk'
Slack : 4.022
TNS   : 0.000

Type  : Slow 1100mV 0C Model Setup 'clk'
Slack : 0.007
TNS   : 0.000

Type  : Slow 1100mV 0C Model Hold 'clk'
Slack : 0.326
TNS   : 0.000

Type  : Slow 1100mV 0C Model Recovery 'clk'
Slack : 6.056
TNS   : 0.000

Type  : Slow 1100mV 0C Model Removal 'clk'
Slack : 0.402
TNS   : 0.000

Type  : Slow 1100mV 0C Model Minimum Pulse Width 'clk'
Slack : 3.959
TNS   : 0.000

Type  : Fast 1100mV 85C Model Setup 'clk'
Slack : 4.083
TNS   : 0.000

Type  : Fast 1100mV 85C Model Hold 'clk'
Slack : 0.334
TNS   : 0.000

Type  : Fast 1100mV 85C Model Recovery 'clk'
Slack : 6.808
TNS   : 0.000

Type  : Fast 1100mV 85C Model Removal 'clk'
Slack : 0.904
TNS   : 0.000

Type  : Fast 1100mV 85C Model Minimum Pulse Width 'clk'
Slack : 4.247
TNS   : 0.000

Type  : Fast 1100mV 0C Model Setup 'clk'
Slack : 4.288
TNS   : 0.000

Type  : Fast 1100mV 0C Model Hold 'clk'
Slack : 0.269
TNS   : 0.000

Type  : Fast 1100mV 0C Model Recovery 'clk'
Slack : 6.936
TNS   : 0.000

Type  : Fast 1100mV 0C Model Removal 'clk'
Slack : 0.816
TNS   : 0.000

Type  : Fast 1100mV 0C Model Minimum Pulse Width 'clk'
Slack : 4.234
TNS   : 0.000

------------------------------------------------------------
