------------------------------------------------------------
Timing Analyzer Summary
------------------------------------------------------------

Type  : Slow 1100mV 85C Model Setup 'clk'
Slack : 0.701
TNS   : 0.000

Type  : Slow 1100mV 85C Model Hold 'clk'
Slack : 0.783
TNS   : 0.000

Type  : Slow 1100mV 85C Model Minimum Pulse Width 'clk'
Slack : 4.775
TNS   : 0.000

Type  : Slow 1100mV 0C Model Setup 'clk'
Slack : 0.636
TNS   : 0.000

Type  : Slow 1100mV 0C Model Hold 'clk'
Slack : 0.440
TNS   : 0.000

Type  : Slow 1100mV 0C Model Minimum Pulse Width 'clk'
Slack : 4.674
TNS   : 0.000

Type  : Fast 1100mV 85C Model Setup 'clk'
Slack : 4.826
TNS   : 0.000

Type  : Fast 1100mV 85C Model Hold 'clk'
Slack : 0.302
TNS   : 0.000

Type  : Fast 1100mV 85C Model Minimum Pulse Width 'clk'
Slack : 4.947
TNS   : 0.000

Type  : Fast 1100mV 0C Model Setup 'clk'
Slack : 5.017
TNS   : 0.000

Type  : Fast 1100mV 0C Model Hold 'clk'
Slack : 0.296
TNS   : 0.000

Type  : Fast 1100mV 0C Model Minimum Pulse Width 'clk'
Slack : 4.942
TNS   : 0.000

------------------------------------------------------------
